// Jest Snapshot v1, https://goo.gl/fbAQLP

exports[`Header renders correctly - snapshot 1`] = `
<div
  className="header"
  data-testid="keno-header"
>
  <p>
    Keno
  </p>
</div>
`;
